-List the command and output for ls /etc/yum.repos.d
[ec2-user@ip-172-31-37-222 ~]$ ls /etc/yum.repos.d
cloudera-cdh5.repo  cloudera-manager.repo  redhat.repo  redhat-rhui-client-config.repo  redhat-rhui.repo  rhui-load-balancers.conf



-Use the scm_prepare_database.sh script to write your db.properties file
-List the full command line in 2_cm.md
[ec2-user@ip-172-31-37-222 ~]$ sudo /usr/share/cmf/schema/scm_prepare_database.sh mysql -h ip-172-31-33-209.us-west-2.compute.internal -u root -p scm scm scm
Enter database password:
JAVA_HOME=/usr/java/jdk1.7.0_67-cloudera
Verifying that we can write to /etc/cloudera-scm-server
Creating SCM configuration file in /etc/cloudera-scm-server
Executing:  /usr/java/jdk1.7.0_67-cloudera/bin/java -cp /usr/share/java/mysql-connector-java.jar:/usr/share/java/oracle-connector-java.jar:/usr/share/cmf/schema/../lib/* com.cloudera.enterprise.dbutil.DbCommandExecutor /etc/cloudera-scm-server/db.properties com.cloudera.cmf.db.
[                          main] DbCommandExecutor              INFO  Successfully connected to database.
All done, your SCM database is configured correctly!


-Add the complete first line from your server log
[ec2-user@ip-172-31-37-222 ~]$ sudo head -1 /var/log/cloudera-scm-server/cloudera-scm-server.log
2017-05-03 07:51:42,124 INFO main:com.cloudera.server.cmf.Main: Starting SCM Server. JVM Args: [-Dlog4j.configuration=file:/etc/cloudera-scm-server/log4j.properties, -Dfile.encoding=UTF-8, -Dcmf.root.logger=INFO,LOGFILE, -Dcmf.log.dir=/var/log/cloudera-scm-server, -Dcmf.log.file=cloudera-scm-server.log, -Dcmf.jetty.threshhold=WARN, -Dcmf.schema.dir=/usr/share/cmf/schema, -Djava.awt.headless=true, -Djava.net.preferIPv4Stack=true, -Dpython.home=/usr/share/cmf/python, -XX:+UseConcMarkSweepGC, -XX:+UseParNewGC, -XX:+HeapDumpOnOutOfMemoryError, -Xmx2G, -XX:MaxPermSize=256m, -XX:+HeapDumpOnOutOfMemoryError, -XX:HeapDumpPath=/tmp, -XX:OnOutOfMemoryError=kill -9 %p], Args: [], Version: 5.9.2 (#3 built by jenkins on 20170330-1814 git: 822da28bff818f57fc1bfc3eafe3a550300ef1b0)
[ec2-user@ip-172-31-37-222 ~]$


-Add the complete line that contains the phrase "Started Jetty server"
[ec2-user@ip-172-31-37-222 ~]$ sudo cat /var/log/cloudera-scm-server/cloudera-scm-server.log | grep "Started Jetty server"
2017-05-03 07:52:56,741 INFO WebServerImpl:com.cloudera.server.cmf.WebServerImpl: Started Jetty server.
[ec2-user@ip-172-31-37-222 ~]$


-Add the full contents of your db.properties file
[ec2-user@ip-172-31-37-222 ~]$ sudo cat /etc/cloudera-scm-server/db.properties
# Auto-generated by scm_prepare_database.sh on Wed May  3 07:51:27 EDT 2017
#
# For information describing how to configure the Cloudera Manager Server
# to connect to databases, see the "Cloudera Manager Installation Guide."
#
com.cloudera.cmf.db.type=mysql
com.cloudera.cmf.db.host=ip-172-31-33-209.us-west-2.compute.internal
com.cloudera.cmf.db.name=scm
com.cloudera.cmf.db.user=scm
com.cloudera.cmf.db.password=scm
com.cloudera.cmf.db.setupType=EXTERNAL
[ec2-user@ip-172-31-37-222 ~]$
