[ec2-user@ip-172-31-3-141 ~]$ su neymar
Password:
[neymar@ip-172-31-3-141 ec2-user]$ time hadoop jar /opt/cloudera/parcels/CDH/lib/hadoop-mapreduce/hadoop-mapreduce-examples.jar teragen  -Ddfs.blocksize=16777216 65536000 tgen640
17/04/28 11:39:15 INFO client.RMProxy: Connecting to ResourceManager at ip-172-31-0-163.us-west-2.compute.internal/172.31.0.163:8032
17/04/28 11:39:16 INFO terasort.TeraSort: Generating 65536000 using 2
17/04/28 11:39:16 INFO mapreduce.JobSubmitter: number of splits:2
17/04/28 11:39:16 INFO mapreduce.JobSubmitter: Submitting tokens for job: job_1493393125084_0001
17/04/28 11:39:16 INFO impl.YarnClientImpl: Submitted application application_1493393125084_0001
17/04/28 11:39:16 INFO mapreduce.Job: The url to track the job: http://ip-172-31-0-163.us-west-2.compute.internal:8088/proxy/application_1493393125084_0001/
17/04/28 11:39:16 INFO mapreduce.Job: Running job: job_1493393125084_0001
17/04/28 11:39:24 INFO mapreduce.Job: Job job_1493393125084_0001 running in uber mode : false
17/04/28 11:39:24 INFO mapreduce.Job:  map 0% reduce 0%
17/04/28 11:39:37 INFO mapreduce.Job:  map 11% reduce 0%
17/04/28 11:39:40 INFO mapreduce.Job:  map 16% reduce 0%
17/04/28 11:39:43 INFO mapreduce.Job:  map 21% reduce 0%
17/04/28 11:39:46 INFO mapreduce.Job:  map 23% reduce 0%
17/04/28 11:39:49 INFO mapreduce.Job:  map 26% reduce 0%
17/04/28 11:39:52 INFO mapreduce.Job:  map 29% reduce 0%
17/04/28 11:39:55 INFO mapreduce.Job:  map 32% reduce 0%
17/04/28 11:39:58 INFO mapreduce.Job:  map 34% reduce 0%
17/04/28 11:40:01 INFO mapreduce.Job:  map 37% reduce 0%
17/04/28 11:40:04 INFO mapreduce.Job:  map 40% reduce 0%
17/04/28 11:40:07 INFO mapreduce.Job:  map 44% reduce 0%
17/04/28 11:40:10 INFO mapreduce.Job:  map 46% reduce 0%
17/04/28 11:40:13 INFO mapreduce.Job:  map 49% reduce 0%
17/04/28 11:40:16 INFO mapreduce.Job:  map 52% reduce 0%
17/04/28 11:40:19 INFO mapreduce.Job:  map 54% reduce 0%
17/04/28 11:40:22 INFO mapreduce.Job:  map 57% reduce 0%
17/04/28 11:40:25 INFO mapreduce.Job:  map 60% reduce 0%
17/04/28 11:40:28 INFO mapreduce.Job:  map 63% reduce 0%
17/04/28 11:40:31 INFO mapreduce.Job:  map 66% reduce 0%
17/04/28 11:40:34 INFO mapreduce.Job:  map 68% reduce 0%
17/04/28 11:40:37 INFO mapreduce.Job:  map 71% reduce 0%
17/04/28 11:40:40 INFO mapreduce.Job:  map 74% reduce 0%
17/04/28 11:40:43 INFO mapreduce.Job:  map 76% reduce 0%
17/04/28 11:40:46 INFO mapreduce.Job:  map 80% reduce 0%
17/04/28 11:40:49 INFO mapreduce.Job:  map 83% reduce 0%
17/04/28 11:40:52 INFO mapreduce.Job:  map 86% reduce 0%
17/04/28 11:40:55 INFO mapreduce.Job:  map 89% reduce 0%
17/04/28 11:40:58 INFO mapreduce.Job:  map 92% reduce 0%
17/04/28 11:41:01 INFO mapreduce.Job:  map 94% reduce 0%
17/04/28 11:41:04 INFO mapreduce.Job:  map 97% reduce 0%
17/04/28 11:41:07 INFO mapreduce.Job:  map 100% reduce 0%
17/04/28 11:41:07 INFO mapreduce.Job: Job job_1493393125084_0001 completed successfully
17/04/28 11:41:08 INFO mapreduce.Job: Counters: 31
        File System Counters
                FILE: Number of bytes read=0
                FILE: Number of bytes written=247246
                FILE: Number of read operations=0
                FILE: Number of large read operations=0
                FILE: Number of write operations=0
                HDFS: Number of bytes read=170
                HDFS: Number of bytes written=6553600000
                HDFS: Number of read operations=8
                HDFS: Number of large read operations=0
                HDFS: Number of write operations=4
        Job Counters
                Launched map tasks=2
                Other local map tasks=2
                Total time spent by all maps in occupied slots (ms)=203127
                Total time spent by all reduces in occupied slots (ms)=0
                Total time spent by all map tasks (ms)=203127
                Total vcore-seconds taken by all map tasks=203127
                Total megabyte-seconds taken by all map tasks=208002048
        Map-Reduce Framework
                Map input records=65536000
                Map output records=65536000
                Input split bytes=170
                Spilled Records=0
                Failed Shuffles=0
                Merged Map outputs=0
                GC time elapsed (ms)=948
                CPU time spent (ms)=96410
                Physical memory (bytes) snapshot=386478080
                Virtual memory (bytes) snapshot=3154251776
                Total committed heap usage (bytes)=393216000
        org.apache.hadoop.examples.terasort.TeraGen$Counters
                CHECKSUM=140750829423462787
        File Input Format Counters
                Bytes Read=0
        File Output Format Counters
                Bytes Written=6553600000

real    1m54.977s
user    0m6.137s
sys     0m0.305s
[neymar@ip-172-31-3-141 ec2-user]$ exit
exit
[ec2-user@ip-172-31-3-141 ~]$ hdfs dfs -ls /user/neymar/tgen640
Found 3 items
-rw-r--r--   3 neymar neymar          0 2017-04-28 11:41 /user/neymar/tgen640/_SUCCESS
-rw-r--r--   3 neymar neymar 3276800000 2017-04-28 11:41 /user/neymar/tgen640/part-m-00000
-rw-r--r--   3 neymar neymar 3276800000 2017-04-28 11:41 /user/neymar/tgen640/part-m-00001
[ec2-user@ip-172-31-3-141 ~]$ hdfs fsck /user/neymar/tgen640 -blocks
Connecting to namenode via http://ip-172-31-0-163.us-west-2.compute.internal:50070
FSCK started by ec2-user (auth:SIMPLE) from /172.31.3.141 for path /user/neymar/tgen640 at Fri Apr 28 11:41:13 EDT 2017
...Status: HEALTHY
 Total size:    6553600000 B
 Total dirs:    1
 Total files:   3
 Total symlinks:                0
 Total blocks (validated):      392 (avg. block size 16718367 B)
 Minimally replicated blocks:   392 (100.0 %)
 Over-replicated blocks:        0 (0.0 %)
 Under-replicated blocks:       0 (0.0 %)
 Mis-replicated blocks:         0 (0.0 %)
 Default replication factor:    3
 Average block replication:     3.0
 Corrupt blocks:                0
 Missing replicas:              0 (0.0 %)
 Number of data-nodes:          3
 Number of racks:               1
FSCK ended at Fri Apr 28 11:41:13 EDT 2017 in 18 milliseconds


The filesystem under path '/user/neymar/tgen640' is HEALTHY
